[silcnitc.github.io/index.html]
[backblue.gif]
[fade.gif]
[index.html]
[silcnitc.github.io/css/style.css]
[silcnitc.github.io/index-2.html]
[silcnitc.github.io/img/logo.png]
[silcnitc.github.io/about.html]
[silcnitc.github.io/help.html]
[silcnitc.github.io/documentation.html]
[silcnitc.github.io/roadmap.html]
[silcnitc.github.io/img/github.jpg]
[silcnitc.github.io/expl.html]
[silcnitc.github.io/oexpl-specification.html]
[silcnitc.github.io/abi.html]
[silcnitc.github.io/img/flowdiagram.png]
[silcnitc.github.io/js/slides.min.jquery.js]
[silcnitc.github.io/js/scripts.js]
[silcnitc.github.io/index.html]
[silcnitc.github.io/img/arrow.png]
[silcnitc.github.io/img/arrowhover.png]
[silcnitc.github.io/img/left.png]
[silcnitc.github.io/img/up.png]
[silcnitc.github.io/js/jquery-1.5.1.min.js]
[silcnitc.github.io/img/zoom.png]
[silcnitc.github.io/css/MuseoSans-300.otf]
[silcnitc.github.io/css/style.css]
[silcnitc.github.io/index-2.html]
[silcnitc.github.io/img/valid.png]
[silcnitc.github.io/css/style_new.css]
[silcnitc.github.io/js/embed-2cd369fa1c0830bd3aa06c21d4f14a13e060d2d31bbaae740f4af4.css]
[silcnitc.github.io/js/embed-cbe5b40fa72b0964f90d4919c2da8f8f94d7c9f6c2aa49c07f6fa3.css]
[silcnitc.github.io/about.html]
[silcnitc.github.io/img/creativecommons.png]
[silcnitc.github.io/help.html]
[silcnitc.github.io/install.html]
[silcnitc.github.io/js/jquery-1.12.1.min.js]
[silcnitc.github.io/lex.html]
[silcnitc.github.io/yacc.html]
[silcnitc.github.io/ywl.html]
[silcnitc.github.io/xsm-environment-tut.html]
[silcnitc.github.io/img/tree1.png]
[silcnitc.github.io/img/tree2.png]
[silcnitc.github.io/codegen.html]
[silcnitc.github.io/img/ast_stage2.png]
[silcnitc.github.io/js/dd1979bba5d35250a0c9419520a6b5b8.js]
[silcnitc.github.io/label-translation.html]
[silcnitc.github.io/img/ast3.png]
[silcnitc.github.io/js/09129e56138b0207d595eaefbf2873cd.js]
[silcnitc.github.io/img/ast31.png]
[silcnitc.github.io/img/gsymboltable1.png]
[silcnitc.github.io/img/ast_stage4.png]
[silcnitc.github.io/img/gsymboltable2.png]
[silcnitc.github.io/run-data-structures.html]
[silcnitc.github.io/run_data_structures/run-time-stack.html]
[silcnitc.github.io/grammar-outline.html]
[silcnitc.github.io/img/gsymboltable3.png]
[silcnitc.github.io/img/localsymboltable2.png]
[silcnitc.github.io/img/localsymboltable1.png]
[silcnitc.github.io/data_structures/local-symbol-table.html]
[silcnitc.github.io/img/expression tree.png]
[silcnitc.github.io/data-structures.html]
[silcnitc.github.io/data_structures/abstract-syntax-tree.html]
[silcnitc.github.io/img/stack.png]
[silcnitc.github.io/img/before call.png]
[silcnitc.github.io/img/after call.png]
[silcnitc.github.io/img/var-bind table.png]
[silcnitc.github.io/run_data_structures/heap.html]
[silcnitc.github.io/testprograms.html]
[silcnitc.github.io/data_structures/type-table.html]
[silcnitc.github.io/data_structures/global-symbol-table.html]
[silcnitc.github.io/library-implementation.html]
[silcnitc.github.io/oexpl-grammar-outline.html]
[silcnitc.github.io/oexpl-data-structures.html]
[silcnitc.github.io/oexpl-run-data-structures.html]
[silcnitc.github.io/oexpl-testprograms.html]
[silcnitc.github.io/roadmap.html]
[silcnitc.github.io/js/sticky_sidebar.js]
[silcnitc.github.io/documentation.html]
[silcnitc.github.io/xsmusagespec.html]
[silcnitc.github.io/js/bootstrap.min.js]
[silcnitc.github.io/pdfs/expl.pdf]
[silcnitc.github.io/js/2db3126a41e423348793b76e85e7121e.js]
[silcnitc.github.io/expl.html]
[silcnitc.github.io/js/5815668e4a64869ec651f87981b483d5.js]
[silcnitc.github.io/pdfs/oexpl.pdf]
[silcnitc.github.io/js/jquery-1.7.2.min.js]
[silcnitc.github.io/js/a5a21ac08e12e3a57e8a7136100e0a50.js]
[silcnitc.github.io/js/6a973317f3e10937b42981b2147be063.js]
[silcnitc.github.io/js/406d14fb431de1b8d5cb3fb517a3c271.js]
[silcnitc.github.io/js/23c82bb7f80ddc45cbf8f968b53a2bf3.js]
[silcnitc.github.io/oexpl-specification.html]
[silcnitc.github.io/js/9271df4a7c12014d200ead3692452291.js]
[silcnitc.github.io/img/architecturemodel.png]
[silcnitc.github.io/img/memory_model_1.png]
[silcnitc.github.io/img/exe_file.jpg]
[silcnitc.github.io/img/header.png]
[silcnitc.github.io/img/memory_management.png]
[silcnitc.github.io/js/f20916a0b864642f1cb04ff2ceebe46c.js]
[silcnitc.github.io/js/7cab9602bc70ca74fefbc7956a53fe93.js]
[silcnitc.github.io/img/system_call_stack1.png]
[silcnitc.github.io/img/system_call_stack2.png]
[silcnitc.github.io/abi.html]
[silcnitc.github.io/js/boxsizing.htc]
[silcnitc.github.io/css/style_new.css]
[silcnitc.github.io/js/embed-2cd369fa1c0830bd3aa06c21d4f14a13e060d2d31bbaae740f4af4.css]
[silcnitc.github.io/js/embed-cbe5b40fa72b0964f90d4919c2da8f8f94d7c9f6c2aa49c07f6fa3.css]
[silcnitc.github.io/install.html]
[silcnitc.github.io/files/xsm_expl.tar.gzip]
[silcnitc.github.io/img/lex_1.png]
[silcnitc.github.io/img/lex_5.png]
[silcnitc.github.io/img/lex_3.jpg]
[silcnitc.github.io/img/lex_4.png]
[silcnitc.github.io/lex.html]
[silcnitc.github.io/img/yacc_1.png]
[silcnitc.github.io/uc.html]
[silcnitc.github.io/yacc.html]
[silcnitc.github.io/img/ywl1.png]
[silcnitc.github.io/img/ywl2.png]
[silcnitc.github.io/img/ywl3.png]
[silcnitc.github.io/img/ywl4.png]
[silcnitc.github.io/img/ywl5.png]
[silcnitc.github.io/img/ywl6.png]
[silcnitc.github.io/img/ywl7.png]
[silcnitc.github.io/img/ywl8.png]
[silcnitc.github.io/img/ywl9.png]
[silcnitc.github.io/img/ywl10.png]
[silcnitc.github.io/img/ywl11.png]
[silcnitc.github.io/img/ywl12.png]
[silcnitc.github.io/img/ywl13.png]
[silcnitc.github.io/img/ywl14.png]
[silcnitc.github.io/img/ywl15.png]
[silcnitc.github.io/img/ywl16.png]
[silcnitc.github.io/img/ywl17.png]
[silcnitc.github.io/img/ywl18.png]
[silcnitc.github.io/img/ywl19.png]
[silcnitc.github.io/img/ywl20.png]
[silcnitc.github.io/img/ywl21.png]
[silcnitc.github.io/img/ywl22.png]
[silcnitc.github.io/img/ywl23.png]
[silcnitc.github.io/img/ywl24.png]
[silcnitc.github.io/img/ywl25.png]
[silcnitc.github.io/img/ywl26.png]
[silcnitc.github.io/img/ywl27.png]
[silcnitc.github.io/img/ywl28.png]
[silcnitc.github.io/img/ywl29.png]
[silcnitc.github.io/img/ywl30.png]
[silcnitc.github.io/img/ywl31.png]
[silcnitc.github.io/img/ywl32.png]
[silcnitc.github.io/img/ywl33.png]
[silcnitc.github.io/img/ywl34.png]
[silcnitc.github.io/img/ywl35.png]
[silcnitc.github.io/img/ywl36.png]
[silcnitc.github.io/img/ywl37.png]
[silcnitc.github.io/img/ywl38.png]
[silcnitc.github.io/img/ywl39.png]
[silcnitc.github.io/img/ywl40.png]
[silcnitc.github.io/img/ywl41.png]
[silcnitc.github.io/img/ywl42.png]
[silcnitc.github.io/img/ywl43.png]
[silcnitc.github.io/img/ywl44.png]
[silcnitc.github.io/img/ywl45.png]
[silcnitc.github.io/img/ywl46.png]
[silcnitc.github.io/img/ywl47.png]
[silcnitc.github.io/img/ywl48.png]
[silcnitc.github.io/img/ywl49.png]
[silcnitc.github.io/img/ywl50.png]
[silcnitc.github.io/img/ywl51.png]
[silcnitc.github.io/img/ywl52.png]
[silcnitc.github.io/img/ywl53.png]
[silcnitc.github.io/img/ywl54.png]
[silcnitc.github.io/img/ywl55.png]
[silcnitc.github.io/img/ywl56.png]
[silcnitc.github.io/img/ywl57.png]
[silcnitc.github.io/img/ywlexp0.png]
[silcnitc.github.io/js/e10adeb0a6e91fbcc02b.js]
[silcnitc.github.io/js/e0fe5bb9afa1e35ccff3.js]
[silcnitc.github.io/js/5031b7ea3f3ae455902c.js]
[silcnitc.github.io/js/93043940064376273a29.js]
[silcnitc.github.io/img/ywlexp2.png]
[silcnitc.github.io/img/ywlexp1.png]
[silcnitc.github.io/img/ywlexp4.png]
[silcnitc.github.io/img/ywlexp3.png]
[silcnitc.github.io/img/ywlexp6.png]
[silcnitc.github.io/img/ywlexp5.png]
[silcnitc.github.io/img/ywlexp8.png]
[silcnitc.github.io/img/ywlexp7.png]
[silcnitc.github.io/img/ywlexp10.png]
[silcnitc.github.io/img/ywlexp9.png]
[silcnitc.github.io/img/ywlexp12.png]
[silcnitc.github.io/img/ywlexp11.png]
[silcnitc.github.io/img/ywlexp14.png]
[silcnitc.github.io/img/ywlexp13.png]
[silcnitc.github.io/img/ywlexp16.png]
[silcnitc.github.io/img/ywlexp15.png]
[silcnitc.github.io/img/ywlexp18.png]
[silcnitc.github.io/img/ywlexp17.png]
[silcnitc.github.io/img/ywlexp20.png]
[silcnitc.github.io/img/ywlexp19.png]
[silcnitc.github.io/img/ywlexp22.png]
[silcnitc.github.io/img/ywlexp21.png]
[silcnitc.github.io/img/ywlexp24.png]
[silcnitc.github.io/img/ywlexp23.png]
[silcnitc.github.io/img/ywlexp26.png]
[silcnitc.github.io/img/ywlexp25.png]
[silcnitc.github.io/img/ywlexp28.png]
[silcnitc.github.io/img/ywlexp27.png]
[silcnitc.github.io/img/ywlexp30.png]
[silcnitc.github.io/img/ywlexp29.png]
[silcnitc.github.io/img/ywlexp32.png]
[silcnitc.github.io/img/ywlexp31.png]
[silcnitc.github.io/img/ywlexp34.png]
[silcnitc.github.io/img/ywlexp33.png]
[silcnitc.github.io/img/ywlexp36.png]
[silcnitc.github.io/img/ywlexp35.png]
[silcnitc.github.io/img/ywlexp38.png]
[silcnitc.github.io/ywl.html]
[silcnitc.github.io/img/ywlexp37.png]
[silcnitc.github.io/js/edda61e70ba922a59f37b9680c420b53.js]
[silcnitc.github.io/js/a244076527f1f9daae58794006b3461a.js]
[silcnitc.github.io/js/2b86865baf9befd7ff0e87fb5fa7ba8b.js]
[silcnitc.github.io/img/reg0before.png]
[silcnitc.github.io/img/reg0after.png]
[silcnitc.github.io/img/reg1.png]
[silcnitc.github.io/img/regR05.png]
[silcnitc.github.io/img/regR0R1.png]
[silcnitc.github.io/img/reg.png]
[silcnitc.github.io/img/syscallstack1.png]
[silcnitc.github.io/js/81cceb55ce0594ed1812de2d337051af.js]
[silcnitc.github.io/img/libcallstack1.png]
[silcnitc.github.io/js/ee19d513fc3a85c4ae1c572d8bd2a656.js]
[silcnitc.github.io/xsm-environment-tut.html]
[silcnitc.github.io/js/593f1d9b41ce0bc9ce6c6a173f96c68c.js]
[silcnitc.github.io/img/tree3.png]
[silcnitc.github.io/img/codegen.png]
[silcnitc.github.io/js/6cde145e400e15cfda5f1a65366a264f.js]
[silcnitc.github.io/codegen.html]
[silcnitc.github.io/js/e56548d34b57daf99a4b772685057233.js]
[silcnitc.github.io/js/36a210c1c92cd7ac6d45eb119b4d0020.js]
[silcnitc.github.io/js/cbc271f4cff409923ac1989a9433bdfe.js]
[silcnitc.github.io/label-translation.html]
[silcnitc.github.io/img/label-table.png]
[silcnitc.github.io/js/d2de8b9cd8a88a5054c9ead9e697e99a.js]
[silcnitc.github.io/js/f0127bf97757874e7cc2.js]
[silcnitc.github.io/run_data_structures/register.html]
[silcnitc.github.io/run-data-structures.html]
[silcnitc.github.io/run_data_structures/static-allocation.html]
[silcnitc.github.io/run_data_structures/index.html]
[silcnitc.github.io/run_data_structures/about.html]
[silcnitc.github.io/img/data_structure_34.png]
[silcnitc.github.io/run_data_structures/abi.html]
[silcnitc.github.io/img/data_structure_39.png]
[silcnitc.github.io/img/data_structure_40.png]
[silcnitc.github.io/img/data_structure_41.png]
[silcnitc.github.io/img/data_structure_42.png]
[silcnitc.github.io/img/data_structure_43.png]
[silcnitc.github.io/img/data_structure_44.png]
[silcnitc.github.io/img/data_structure_45.png]
[silcnitc.github.io/img/data_structure_46.png]
[silcnitc.github.io/run_data_structures/run-time-stack.html]
[silcnitc.github.io/img/data_structure_47.png]
[silcnitc.github.io/css/tabs.css]
[silcnitc.github.io/js/tabs.js]
[silcnitc.github.io/js/eaf5a36f8d2817cd68455960d0f7caee.js]
[silcnitc.github.io/js/6e440048b18fbe507bed3e349a312eeb.js]
[silcnitc.github.io/js/413f0ef8cb587fd26b1682ac59b10084.js]
[silcnitc.github.io/grammar-outline.html]
[silcnitc.github.io/js/c0ea163468083541ee0d.js]
[silcnitc.github.io/data_structures/index.html]
[silcnitc.github.io/data_structures/about.html]
[silcnitc.github.io/data_structures/local-symbol-table.html]
[silcnitc.github.io/js/b2f1dd17ecc21780f898.js]
[silcnitc.github.io/img/data_structure_28.png]
[silcnitc.github.io/data-structures.html]
[silcnitc.github.io/img/symboltable.png]
[silcnitc.github.io/js/ecec5cc25b3834dd40a8.js]
[silcnitc.github.io/js/8cb0db40153ff46dabfa.js]
[silcnitc.github.io/img/data_structure_50.png]
[silcnitc.github.io/img/data_structure_51.png]
[silcnitc.github.io/img/data_structure_52.png]
[silcnitc.github.io/img/data_structure_53.png]
[silcnitc.github.io/img/data_structure_54.png]
[silcnitc.github.io/img/data_structure_55.png]
[silcnitc.github.io/img/data_structure_56.png]
[silcnitc.github.io/img/data_structure_57.png]
[silcnitc.github.io/img/data_structure_58.png]
[silcnitc.github.io/data_structures/abstract-syntax-tree.html]
[silcnitc.github.io/img/data_structure_59.png]
[silcnitc.github.io/img/data_structure_60.png]
[silcnitc.github.io/img/data_structure_10.png]
[silcnitc.github.io/img/data_structure_11.png]
[silcnitc.github.io/img/data_structure_12.png]
[silcnitc.github.io/img/data_structure_13.png]
[silcnitc.github.io/img/data_structure_14.png]
[silcnitc.github.io/img/data_structure_15.png]
[silcnitc.github.io/img/data_structure_16.png]
[silcnitc.github.io/img/data_structure_17.png]
[silcnitc.github.io/img/data_structure_18.png]
[silcnitc.github.io/img/data_structure_19.png]
[silcnitc.github.io/img/data_structure_20.png]
[silcnitc.github.io/img/data_structure_21.png]
[silcnitc.github.io/img/data_structure_22.png]
[silcnitc.github.io/img/data_structure_23.png]
[silcnitc.github.io/img/data_structure_24.png]
[silcnitc.github.io/img/data_structure_25.png]
[silcnitc.github.io/run_data_structures/heap.html]
[silcnitc.github.io/img/data_structure_26.png]
[silcnitc.github.io/testprograms/test1.html]
[silcnitc.github.io/testprograms/test2.html]
[silcnitc.github.io/testprograms/test3.html]
[silcnitc.github.io/testprograms/test4.html]
[silcnitc.github.io/testprograms/test5.html]
[silcnitc.github.io/testprograms/test6.html]
[silcnitc.github.io/testprograms/test7.html]
[silcnitc.github.io/testprograms/test8.html]
[silcnitc.github.io/testprograms.html]
[silcnitc.github.io/testprograms/test9.html]
[silcnitc.github.io/js/9d481cdd2e29c3eadc3d.js]
[silcnitc.github.io/js/68792fe287853afd560f.js]
[silcnitc.github.io/js/67898e19a3cb8f2dc010.js]
[silcnitc.github.io/img/data_structure_1.png]
[silcnitc.github.io/img/data_structure_2.png]
[silcnitc.github.io/data_structures/type-table.html]
[silcnitc.github.io/img/data_structure_3.png]
[silcnitc.github.io/js/4d1471f78bb0065c0e97e0dcfe789548.js]
[silcnitc.github.io/js/f583d3a3ee857a50d496.js]
[silcnitc.github.io/js/f1d20b44ca4389ed1be6.js]
[silcnitc.github.io/img/data_structure_5.png]
[silcnitc.github.io/img/data_structure_6.png]
[silcnitc.github.io/data_structures/global-symbol-table.html]
[silcnitc.github.io/library-implementation.html]
[silcnitc.github.io/img/data_structure_7.png]
[silcnitc.github.io/js/15c909905b59c95a91ae3e884f45347c.js]
[silcnitc.github.io/oexpl-grammar-outline.html]
[silcnitc.github.io/js/d6190713a4e5c4c116b66af17f635779.js]
[silcnitc.github.io/js/930c933aa9c06c7effdacb5ba3fad13e.js]
[silcnitc.github.io/js/1b636208fe1f6f61b3fd700053f185c6.js]
[silcnitc.github.io/js/5d19a615add340158d5f11cb07a8fa6c.js]
[silcnitc.github.io/img/class_table_1.png]
[silcnitc.github.io/oexpl-data-structures.html]
[silcnitc.github.io/img/class_table_2.png]
[silcnitc.github.io/js/4a47b79cec2699771df391ecd0574153.js]
[silcnitc.github.io/img/virtual_function_table_3.png]
[silcnitc.github.io/img/virtual_function_table_1.png]
[silcnitc.github.io/img/virtual_function_table_8.png]
[silcnitc.github.io/img/virtual_function_table_4.png]
[silcnitc.github.io/img/virtual_function_table_2.png]
[silcnitc.github.io/js/9fab0ed1079cbf0ebdae2916b4272929.js]
[silcnitc.github.io/img/virtual_function_table_5.png]
[silcnitc.github.io/img/virtual_function_table_6.png]
[silcnitc.github.io/img/virtual_function_table_7.png]
[silcnitc.github.io/img/rts11.png]
[silcnitc.github.io/img/rts2.png]
[silcnitc.github.io/oexpl-run-data-structures.html]
[silcnitc.github.io/js/55aeef67b003d48dd45db379b46a4631.js]
[silcnitc.github.io/oexpltestprograms/test1.html]
[silcnitc.github.io/oexpltestprograms/test2.html]
[silcnitc.github.io/oexpltestprograms/test3.html]
[silcnitc.github.io/oexpltestprograms/test4.html]
[silcnitc.github.io/oexpltestprograms/test5.html]
[silcnitc.github.io/oexpltestprograms/test6.html]
[silcnitc.github.io/oexpl-testprograms.html]
[silcnitc.github.io/xsmusagespec.html]
[silcnitc.github.io/pdfs/oexpl.html]
[silcnitc.github.io/uc.html]
[silcnitc.github.io/run_data_structures/register.html]
[silcnitc.github.io/run_data_structures/static-allocation.html]
[silcnitc.github.io/run_data_structures/index.html]
[silcnitc.github.io/run_data_structures/about.html]
[silcnitc.github.io/run_data_structures/abi.html]
[silcnitc.github.io/css/tabs.css]
[silcnitc.github.io/data_structures/index.html]
[silcnitc.github.io/data_structures/about.html]
[silcnitc.github.io/testprograms/test1.html]
[silcnitc.github.io/testprograms/test2.html]
[silcnitc.github.io/testprograms/test3.html]
[silcnitc.github.io/testprograms/test4.html]
[silcnitc.github.io/testprograms/test5.html]
[silcnitc.github.io/testprograms/test6.html]
[silcnitc.github.io/testprograms/test7.html]
[silcnitc.github.io/testprograms/test8.html]
[silcnitc.github.io/testprograms/test9.html]
[silcnitc.github.io/oexpltestprograms/test7.html]
[silcnitc.github.io/oexpltestprograms/test1.html]
[silcnitc.github.io/js/6b29330db9820dc0e37104e8c4edbb89.js]
[silcnitc.github.io/oexpltestprograms/test2.html]
[silcnitc.github.io/js/8f5ef423df383d2c22f8ad94fe1b304c.js]
[silcnitc.github.io/oexpltestprograms/test3.html]
[silcnitc.github.io/js/505a61e9df5d671c26fa8fef238cfb2b.js]
[silcnitc.github.io/oexpltestprograms/test4.html]
[silcnitc.github.io/js/85a0ce1ae89bb93afdbcd68ebc5fcffa.js]
[silcnitc.github.io/oexpltestprograms/test5.html]
[silcnitc.github.io/js/238bd13afa527e9d7cecf6e9ed18f2dc.js]
[silcnitc.github.io/oexpltestprograms/test6.html]
[silcnitc.github.io/js/0bf1a645589c5b7a6643995568e369f2.js]
[silcnitc.github.io/oexpltestprograms/test7.html]
[silcnitc.github.io/js/42ecaacc3c4d31b60309eea18d76fb3f.js]
